// Jest Snapshot v1, https://goo.gl/fbAQLP

exports[`12 ants at 4  3 at 1 1`] = `
<div
  class="gameField"
>
  <div
    class="street isStart"
    style={
      Object {
        "height": "76.8px",
        "left": "0px",
        "position": "absolute",
        "top": "0px",
        "width": "102.4px",
      }
    }
  >
    <div>
      0
    </div>
  </div>
  <div
    class="street"
    style={
      Object {
        "height": "76.8px",
        "left": "102.4px",
        "position": "absolute",
        "top": "0px",
        "width": "102.4px",
      }
    }
  >
    <div>
      3
    </div>
  </div>
  <div
    class="street"
    style={
      Object {
        "height": "76.8px",
        "left": "102.4px",
        "position": "absolute",
        "top": "76.8px",
        "width": "102.4px",
      }
    }
  >
    <div>
      0
    </div>
  </div>
  <div
    class="street"
    style={
      Object {
        "height": "76.8px",
        "left": "102.4px",
        "position": "absolute",
        "top": "153.6px",
        "width": "102.4px",
      }
    }
  >
    <div>
      0
    </div>
  </div>
  <div
    class="street"
    style={
      Object {
        "height": "76.8px",
        "left": "204.8px",
        "position": "absolute",
        "top": "153.6px",
        "width": "102.4px",
      }
    }
  >
    <div>
      7
    </div>
  </div>
  <div
    class="street"
    style={
      Object {
        "height": "76.8px",
        "left": "307.20000000000005px",
        "position": "absolute",
        "top": "153.6px",
        "width": "102.4px",
      }
    }
  >
    <div>
      0
    </div>
  </div>
  <div
    class="street"
    style={
      Object {
        "height": "76.8px",
        "left": "409.6px",
        "position": "absolute",
        "top": "153.6px",
        "width": "102.4px",
      }
    }
  >
    <div>
      0
    </div>
  </div>
  <div
    class="street"
    style={
      Object {
        "height": "76.8px",
        "left": "409.6px",
        "position": "absolute",
        "top": "230.39999999999998px",
        "width": "102.4px",
      }
    }
  >
    <div>
      0
    </div>
  </div>
  <div
    class="street"
    style={
      Object {
        "height": "76.8px",
        "left": "409.6px",
        "position": "absolute",
        "top": "307.2px",
        "width": "102.4px",
      }
    }
  >
    <div>
      0
    </div>
  </div>
  <div
    class="street"
    style={
      Object {
        "height": "76.8px",
        "left": "307.20000000000005px",
        "position": "absolute",
        "top": "307.2px",
        "width": "102.4px",
      }
    }
  >
    <div>
      0
    </div>
  </div>
  <div
    class="street"
    style={
      Object {
        "height": "76.8px",
        "left": "204.8px",
        "position": "absolute",
        "top": "307.2px",
        "width": "102.4px",
      }
    }
  >
    <div>
      0
    </div>
  </div>
  <div
    class="street isTarget"
    style={
      Object {
        "height": "76.8px",
        "left": "102.4px",
        "position": "absolute",
        "top": "307.2px",
        "width": "102.4px",
      }
    }
  >
    <div>
      0
    </div>
  </div>
  <div
    class="tower first"
    style={
      Object {
        "height": "76.8px",
        "left": "204.8px",
        "position": "absolute",
        "top": "76.8px",
        "width": "102.4px",
      }
    }
  >
    <div>
      first
    </div>
  </div>
  <div
    class="tower second"
    style={
      Object {
        "height": "76.8px",
        "left": "307.20000000000005px",
        "position": "absolute",
        "top": "230.39999999999998px",
        "width": "102.4px",
      }
    }
  >
    <div>
      second
    </div>
  </div>
  <div
    class="tower third"
    style={
      Object {
        "height": "76.8px",
        "left": "409.6px",
        "position": "absolute",
        "top": "384px",
        "width": "102.4px",
      }
    }
  >
    <div>
      third
    </div>
  </div>
  <undefined
    animation={
      Object {
        "height": "10px",
        "left": "204.8px",
        "opacity": 1,
        "position": "absolute",
        "top": "153.6px",
        "width": "10px",
      }
    }
    children={
      Array [
        <div
          class="ant"
          className="ant"
      />,
      ]
    }
    duration={1530}
  >
    <div
      class="ant"
      className="ant"
    />
  </undefined>
  <undefined
    animation={
      Object {
        "height": "10px",
        "left": "204.8px",
        "opacity": 1,
        "position": "absolute",
        "top": "153.6px",
        "width": "10px",
      }
    }
    children={
      Array [
        <div
          class="ant"
          className="ant"
      />,
      ]
    }
    duration={1530}
  >
    <div
      class="ant"
      className="ant"
    />
  </undefined>
  <undefined
    animation={
      Object {
        "height": "10px",
        "left": "204.8px",
        "opacity": 1,
        "position": "absolute",
        "top": "153.6px",
        "width": "10px",
      }
    }
    children={
      Array [
        <div
          class="ant"
          className="ant"
      />,
      ]
    }
    duration={1530}
  >
    <div
      class="ant"
      className="ant"
    />
  </undefined>
  <undefined
    animation={
      Object {
        "height": "10px",
        "left": "204.8px",
        "opacity": 1,
        "position": "absolute",
        "top": "153.6px",
        "width": "10px",
      }
    }
    children={
      Array [
        <div
          class="ant"
          className="ant"
      />,
      ]
    }
    duration={1530}
  >
    <div
      class="ant"
      className="ant"
    />
  </undefined>
  <undefined
    animation={
      Object {
        "height": "10px",
        "left": "204.8px",
        "opacity": 1,
        "position": "absolute",
        "top": "153.6px",
        "width": "10px",
      }
    }
    children={
      Array [
        <div
          class="ant"
          className="ant"
      />,
      ]
    }
    duration={1530}
  >
    <div
      class="ant"
      className="ant"
    />
  </undefined>
  <undefined
    animation={
      Object {
        "height": "10px",
        "left": "204.8px",
        "opacity": 1,
        "position": "absolute",
        "top": "153.6px",
        "width": "10px",
      }
    }
    children={
      Array [
        <div
          class="ant"
          className="ant"
      />,
      ]
    }
    duration={1530}
  >
    <div
      class="ant"
      className="ant"
    />
  </undefined>
  <undefined
    animation={
      Object {
        "height": "10px",
        "left": "204.8px",
        "opacity": 1,
        "position": "absolute",
        "top": "153.6px",
        "width": "10px",
      }
    }
    children={
      Array [
        <div
          class="ant"
          className="ant"
      />,
      ]
    }
    duration={1530}
  >
    <div
      class="ant"
      className="ant"
    />
  </undefined>
  <undefined
    animation={
      Object {
        "height": "10px",
        "left": "102.4px",
        "opacity": 1,
        "position": "absolute",
        "top": "0px",
        "width": "10px",
      }
    }
    children={
      Array [
        <div
          class="ant"
          className="ant"
      />,
      ]
    }
    duration={1530}
  >
    <div
      class="ant"
      className="ant"
    />
  </undefined>
  <undefined
    animation={
      Object {
        "height": "10px",
        "left": "102.4px",
        "opacity": 1,
        "position": "absolute",
        "top": "0px",
        "width": "10px",
      }
    }
    children={
      Array [
        <div
          class="ant"
          className="ant"
      />,
      ]
    }
    duration={1530}
  >
    <div
      class="ant"
      className="ant"
    />
  </undefined>
  <undefined
    animation={
      Object {
        "height": "10px",
        "left": "102.4px",
        "opacity": 1,
        "position": "absolute",
        "top": "0px",
        "width": "10px",
      }
    }
    children={
      Array [
        <div
          class="ant"
          className="ant"
      />,
      ]
    }
    duration={1530}
  >
    <div
      class="ant"
      className="ant"
    />
  </undefined>
</div>
`;

exports[`12 ants at start 1`] = `
<div
  class="gameField"
>
  <div
    class="street isStart"
    style={
      Object {
        "height": "76.8px",
        "left": "0px",
        "position": "absolute",
        "top": "0px",
        "width": "102.4px",
      }
    }
  >
    <div>
      12
    </div>
  </div>
  <div
    class="street"
    style={
      Object {
        "height": "76.8px",
        "left": "102.4px",
        "position": "absolute",
        "top": "0px",
        "width": "102.4px",
      }
    }
  >
    <div>
      0
    </div>
  </div>
  <div
    class="street"
    style={
      Object {
        "height": "76.8px",
        "left": "102.4px",
        "position": "absolute",
        "top": "76.8px",
        "width": "102.4px",
      }
    }
  >
    <div>
      0
    </div>
  </div>
  <div
    class="street"
    style={
      Object {
        "height": "76.8px",
        "left": "102.4px",
        "position": "absolute",
        "top": "153.6px",
        "width": "102.4px",
      }
    }
  >
    <div>
      0
    </div>
  </div>
  <div
    class="street"
    style={
      Object {
        "height": "76.8px",
        "left": "204.8px",
        "position": "absolute",
        "top": "153.6px",
        "width": "102.4px",
      }
    }
  >
    <div>
      0
    </div>
  </div>
  <div
    class="street"
    style={
      Object {
        "height": "76.8px",
        "left": "307.20000000000005px",
        "position": "absolute",
        "top": "153.6px",
        "width": "102.4px",
      }
    }
  >
    <div>
      0
    </div>
  </div>
  <div
    class="street"
    style={
      Object {
        "height": "76.8px",
        "left": "409.6px",
        "position": "absolute",
        "top": "153.6px",
        "width": "102.4px",
      }
    }
  >
    <div>
      0
    </div>
  </div>
  <div
    class="street"
    style={
      Object {
        "height": "76.8px",
        "left": "409.6px",
        "position": "absolute",
        "top": "230.39999999999998px",
        "width": "102.4px",
      }
    }
  >
    <div>
      0
    </div>
  </div>
  <div
    class="street"
    style={
      Object {
        "height": "76.8px",
        "left": "409.6px",
        "position": "absolute",
        "top": "307.2px",
        "width": "102.4px",
      }
    }
  >
    <div>
      0
    </div>
  </div>
  <div
    class="street"
    style={
      Object {
        "height": "76.8px",
        "left": "307.20000000000005px",
        "position": "absolute",
        "top": "307.2px",
        "width": "102.4px",
      }
    }
  >
    <div>
      0
    </div>
  </div>
  <div
    class="street"
    style={
      Object {
        "height": "76.8px",
        "left": "204.8px",
        "position": "absolute",
        "top": "307.2px",
        "width": "102.4px",
      }
    }
  >
    <div>
      0
    </div>
  </div>
  <div
    class="street isTarget"
    style={
      Object {
        "height": "76.8px",
        "left": "102.4px",
        "position": "absolute",
        "top": "307.2px",
        "width": "102.4px",
      }
    }
  >
    <div>
      0
    </div>
  </div>
  <div
    class="tower first"
    style={
      Object {
        "height": "76.8px",
        "left": "204.8px",
        "position": "absolute",
        "top": "76.8px",
        "width": "102.4px",
      }
    }
  >
    <div>
      first
    </div>
  </div>
  <div
    class="tower second"
    style={
      Object {
        "height": "76.8px",
        "left": "307.20000000000005px",
        "position": "absolute",
        "top": "230.39999999999998px",
        "width": "102.4px",
      }
    }
  >
    <div>
      second
    </div>
  </div>
  <div
    class="tower third"
    style={
      Object {
        "height": "76.8px",
        "left": "409.6px",
        "position": "absolute",
        "top": "384px",
        "width": "102.4px",
      }
    }
  >
    <div>
      third
    </div>
  </div>
  <undefined
    animation={
      Object {
        "height": "10px",
        "left": "0px",
        "opacity": 0,
        "position": "absolute",
        "top": "0px",
        "width": "10px",
      }
    }
    children={
      Array [
        <div
          class="ant"
          className="ant"
      />,
      ]
    }
    duration={1530}
  >
    <div
      class="ant"
      className="ant"
    />
  </undefined>
  <undefined
    animation={
      Object {
        "height": "10px",
        "left": "0px",
        "opacity": 0,
        "position": "absolute",
        "top": "0px",
        "width": "10px",
      }
    }
    children={
      Array [
        <div
          class="ant"
          className="ant"
      />,
      ]
    }
    duration={1530}
  >
    <div
      class="ant"
      className="ant"
    />
  </undefined>
  <undefined
    animation={
      Object {
        "height": "10px",
        "left": "0px",
        "opacity": 0,
        "position": "absolute",
        "top": "0px",
        "width": "10px",
      }
    }
    children={
      Array [
        <div
          class="ant"
          className="ant"
      />,
      ]
    }
    duration={1530}
  >
    <div
      class="ant"
      className="ant"
    />
  </undefined>
  <undefined
    animation={
      Object {
        "height": "10px",
        "left": "0px",
        "opacity": 0,
        "position": "absolute",
        "top": "0px",
        "width": "10px",
      }
    }
    children={
      Array [
        <div
          class="ant"
          className="ant"
      />,
      ]
    }
    duration={1530}
  >
    <div
      class="ant"
      className="ant"
    />
  </undefined>
  <undefined
    animation={
      Object {
        "height": "10px",
        "left": "0px",
        "opacity": 0,
        "position": "absolute",
        "top": "0px",
        "width": "10px",
      }
    }
    children={
      Array [
        <div
          class="ant"
          className="ant"
      />,
      ]
    }
    duration={1530}
  >
    <div
      class="ant"
      className="ant"
    />
  </undefined>
  <undefined
    animation={
      Object {
        "height": "10px",
        "left": "0px",
        "opacity": 0,
        "position": "absolute",
        "top": "0px",
        "width": "10px",
      }
    }
    children={
      Array [
        <div
          class="ant"
          className="ant"
      />,
      ]
    }
    duration={1530}
  >
    <div
      class="ant"
      className="ant"
    />
  </undefined>
  <undefined
    animation={
      Object {
        "height": "10px",
        "left": "0px",
        "opacity": 0,
        "position": "absolute",
        "top": "0px",
        "width": "10px",
      }
    }
    children={
      Array [
        <div
          class="ant"
          className="ant"
      />,
      ]
    }
    duration={1530}
  >
    <div
      class="ant"
      className="ant"
    />
  </undefined>
  <undefined
    animation={
      Object {
        "height": "10px",
        "left": "0px",
        "opacity": 0,
        "position": "absolute",
        "top": "0px",
        "width": "10px",
      }
    }
    children={
      Array [
        <div
          class="ant"
          className="ant"
      />,
      ]
    }
    duration={1530}
  >
    <div
      class="ant"
      className="ant"
    />
  </undefined>
  <undefined
    animation={
      Object {
        "height": "10px",
        "left": "0px",
        "opacity": 0,
        "position": "absolute",
        "top": "0px",
        "width": "10px",
      }
    }
    children={
      Array [
        <div
          class="ant"
          className="ant"
      />,
      ]
    }
    duration={1530}
  >
    <div
      class="ant"
      className="ant"
    />
  </undefined>
  <undefined
    animation={
      Object {
        "height": "10px",
        "left": "0px",
        "opacity": 0,
        "position": "absolute",
        "top": "0px",
        "width": "10px",
      }
    }
    children={
      Array [
        <div
          class="ant"
          className="ant"
      />,
      ]
    }
    duration={1530}
  >
    <div
      class="ant"
      className="ant"
    />
  </undefined>
  <undefined
    animation={
      Object {
        "height": "10px",
        "left": "0px",
        "opacity": 0,
        "position": "absolute",
        "top": "0px",
        "width": "10px",
      }
    }
    children={
      Array [
        <div
          class="ant"
          className="ant"
      />,
      ]
    }
    duration={1530}
  >
    <div
      class="ant"
      className="ant"
    />
  </undefined>
  <undefined
    animation={
      Object {
        "height": "10px",
        "left": "0px",
        "opacity": 0,
        "position": "absolute",
        "top": "0px",
        "width": "10px",
      }
    }
    children={
      Array [
        <div
          class="ant"
          className="ant"
      />,
      ]
    }
    duration={1530}
  >
    <div
      class="ant"
      className="ant"
    />
  </undefined>
</div>
`;

exports[`five ants at stage 2 5 more newly added 1`] = `
<div
  class="gameField"
>
  <div
    class="street isStart"
    style={
      Object {
        "height": "76.8px",
        "left": "0px",
        "position": "absolute",
        "top": "0px",
        "width": "102.4px",
      }
    }
  >
    <div>
      5
    </div>
  </div>
  <div
    class="street"
    style={
      Object {
        "height": "76.8px",
        "left": "102.4px",
        "position": "absolute",
        "top": "0px",
        "width": "102.4px",
      }
    }
  >
    <div>
      5
    </div>
  </div>
  <div
    class="street"
    style={
      Object {
        "height": "76.8px",
        "left": "102.4px",
        "position": "absolute",
        "top": "76.8px",
        "width": "102.4px",
      }
    }
  >
    <div>
      0
    </div>
  </div>
  <div
    class="street"
    style={
      Object {
        "height": "76.8px",
        "left": "102.4px",
        "position": "absolute",
        "top": "153.6px",
        "width": "102.4px",
      }
    }
  >
    <div>
      0
    </div>
  </div>
  <div
    class="street"
    style={
      Object {
        "height": "76.8px",
        "left": "102.4px",
        "position": "absolute",
        "top": "230.39999999999998px",
        "width": "102.4px",
      }
    }
  >
    <div>
      0
    </div>
  </div>
  <div
    class="street"
    style={
      Object {
        "height": "76.8px",
        "left": "102.4px",
        "position": "absolute",
        "top": "307.2px",
        "width": "102.4px",
      }
    }
  >
    <div>
      0
    </div>
  </div>
  <div
    class="street"
    style={
      Object {
        "height": "76.8px",
        "left": "204.8px",
        "position": "absolute",
        "top": "307.2px",
        "width": "102.4px",
      }
    }
  >
    <div>
      0
    </div>
  </div>
  <div
    class="street"
    style={
      Object {
        "height": "76.8px",
        "left": "307.20000000000005px",
        "position": "absolute",
        "top": "307.2px",
        "width": "102.4px",
      }
    }
  >
    <div>
      0
    </div>
  </div>
  <div
    class="street"
    style={
      Object {
        "height": "76.8px",
        "left": "204.8px",
        "position": "absolute",
        "top": "76.8px",
        "width": "102.4px",
      }
    }
  >
    <div>
      0
    </div>
  </div>
  <div
    class="street"
    style={
      Object {
        "height": "76.8px",
        "left": "307.20000000000005px",
        "position": "absolute",
        "top": "76.8px",
        "width": "102.4px",
      }
    }
  >
    <div>
      0
    </div>
  </div>
  <div
    class="street"
    style={
      Object {
        "height": "76.8px",
        "left": "307.20000000000005px",
        "position": "absolute",
        "top": "153.6px",
        "width": "102.4px",
      }
    }
  >
    <div>
      0
    </div>
  </div>
  <div
    class="street"
    style={
      Object {
        "height": "76.8px",
        "left": "307.20000000000005px",
        "position": "absolute",
        "top": "230.39999999999998px",
        "width": "102.4px",
      }
    }
  >
    <div>
      0
    </div>
  </div>
  <div
    class="street"
    style={
      Object {
        "height": "76.8px",
        "left": "307.20000000000005px",
        "position": "absolute",
        "top": "384px",
        "width": "102.4px",
      }
    }
  >
    <div>
      0
    </div>
  </div>
  <div
    class="street"
    style={
      Object {
        "height": "76.8px",
        "left": "307.20000000000005px",
        "position": "absolute",
        "top": "460.79999999999995px",
        "width": "102.4px",
      }
    }
  >
    <div>
      0
    </div>
  </div>
  <div
    class="street isTarget"
    style={
      Object {
        "height": "76.8px",
        "left": "409.6px",
        "position": "absolute",
        "top": "460.79999999999995px",
        "width": "102.4px",
      }
    }
  >
    <div>
      0
    </div>
  </div>
  <undefined
    animation={
      Object {
        "height": "10px",
        "left": "102.4px",
        "opacity": 1,
        "position": "absolute",
        "top": "0px",
        "width": "10px",
      }
    }
    children={
      Array [
        <div
          class="ant"
          className="ant"
      />,
      ]
    }
    duration={1530}
  >
    <div
      class="ant"
      className="ant"
    />
  </undefined>
  <undefined
    animation={
      Object {
        "height": "10px",
        "left": "102.4px",
        "opacity": 1,
        "position": "absolute",
        "top": "0px",
        "width": "10px",
      }
    }
    children={
      Array [
        <div
          class="ant"
          className="ant"
      />,
      ]
    }
    duration={1530}
  >
    <div
      class="ant"
      className="ant"
    />
  </undefined>
  <undefined
    animation={
      Object {
        "height": "10px",
        "left": "102.4px",
        "opacity": 1,
        "position": "absolute",
        "top": "0px",
        "width": "10px",
      }
    }
    children={
      Array [
        <div
          class="ant"
          className="ant"
      />,
      ]
    }
    duration={1530}
  >
    <div
      class="ant"
      className="ant"
    />
  </undefined>
  <undefined
    animation={
      Object {
        "height": "10px",
        "left": "102.4px",
        "opacity": 1,
        "position": "absolute",
        "top": "0px",
        "width": "10px",
      }
    }
    children={
      Array [
        <div
          class="ant"
          className="ant"
      />,
      ]
    }
    duration={1530}
  >
    <div
      class="ant"
      className="ant"
    />
  </undefined>
  <undefined
    animation={
      Object {
        "height": "10px",
        "left": "102.4px",
        "opacity": 1,
        "position": "absolute",
        "top": "0px",
        "width": "10px",
      }
    }
    children={
      Array [
        <div
          class="ant"
          className="ant"
      />,
      ]
    }
    duration={1530}
  >
    <div
      class="ant"
      className="ant"
    />
  </undefined>
  <undefined
    animation={
      Object {
        "height": "10px",
        "left": "0px",
        "opacity": 0,
        "position": "absolute",
        "top": "0px",
        "width": "10px",
      }
    }
    children={
      Array [
        <div
          class="ant"
          className="ant"
      />,
      ]
    }
    duration={1530}
  >
    <div
      class="ant"
      className="ant"
    />
  </undefined>
  <undefined
    animation={
      Object {
        "height": "10px",
        "left": "0px",
        "opacity": 0,
        "position": "absolute",
        "top": "0px",
        "width": "10px",
      }
    }
    children={
      Array [
        <div
          class="ant"
          className="ant"
      />,
      ]
    }
    duration={1530}
  >
    <div
      class="ant"
      className="ant"
    />
  </undefined>
  <undefined
    animation={
      Object {
        "height": "10px",
        "left": "0px",
        "opacity": 0,
        "position": "absolute",
        "top": "0px",
        "width": "10px",
      }
    }
    children={
      Array [
        <div
          class="ant"
          className="ant"
      />,
      ]
    }
    duration={1530}
  >
    <div
      class="ant"
      className="ant"
    />
  </undefined>
  <undefined
    animation={
      Object {
        "height": "10px",
        "left": "0px",
        "opacity": 0,
        "position": "absolute",
        "top": "0px",
        "width": "10px",
      }
    }
    children={
      Array [
        <div
          class="ant"
          className="ant"
      />,
      ]
    }
    duration={1530}
  >
    <div
      class="ant"
      className="ant"
    />
  </undefined>
  <undefined
    animation={
      Object {
        "height": "10px",
        "left": "0px",
        "opacity": 0,
        "position": "absolute",
        "top": "0px",
        "width": "10px",
      }
    }
    children={
      Array [
        <div
          class="ant"
          className="ant"
      />,
      ]
    }
    duration={1530}
  >
    <div
      class="ant"
      className="ant"
    />
  </undefined>
</div>
`;

exports[`five ants at stage 3 5 more at 1 1`] = `
<div
  class="gameField"
>
  <div
    class="street isStart"
    style={
      Object {
        "height": "76.8px",
        "left": "0px",
        "position": "absolute",
        "top": "0px",
        "width": "102.4px",
      }
    }
  >
    <div>
      0
    </div>
  </div>
  <div
    class="street"
    style={
      Object {
        "height": "76.8px",
        "left": "102.4px",
        "position": "absolute",
        "top": "0px",
        "width": "102.4px",
      }
    }
  >
    <div>
      5
    </div>
  </div>
  <div
    class="street"
    style={
      Object {
        "height": "76.8px",
        "left": "102.4px",
        "position": "absolute",
        "top": "76.8px",
        "width": "102.4px",
      }
    }
  >
    <div>
      5
    </div>
  </div>
  <div
    class="street"
    style={
      Object {
        "height": "76.8px",
        "left": "102.4px",
        "position": "absolute",
        "top": "153.6px",
        "width": "102.4px",
      }
    }
  >
    <div>
      0
    </div>
  </div>
  <div
    class="street"
    style={
      Object {
        "height": "76.8px",
        "left": "102.4px",
        "position": "absolute",
        "top": "230.39999999999998px",
        "width": "102.4px",
      }
    }
  >
    <div>
      0
    </div>
  </div>
  <div
    class="street"
    style={
      Object {
        "height": "76.8px",
        "left": "102.4px",
        "position": "absolute",
        "top": "307.2px",
        "width": "102.4px",
      }
    }
  >
    <div>
      0
    </div>
  </div>
  <div
    class="street"
    style={
      Object {
        "height": "76.8px",
        "left": "204.8px",
        "position": "absolute",
        "top": "307.2px",
        "width": "102.4px",
      }
    }
  >
    <div>
      0
    </div>
  </div>
  <div
    class="street"
    style={
      Object {
        "height": "76.8px",
        "left": "307.20000000000005px",
        "position": "absolute",
        "top": "307.2px",
        "width": "102.4px",
      }
    }
  >
    <div>
      0
    </div>
  </div>
  <div
    class="street"
    style={
      Object {
        "height": "76.8px",
        "left": "204.8px",
        "position": "absolute",
        "top": "76.8px",
        "width": "102.4px",
      }
    }
  >
    <div>
      0
    </div>
  </div>
  <div
    class="street"
    style={
      Object {
        "height": "76.8px",
        "left": "307.20000000000005px",
        "position": "absolute",
        "top": "76.8px",
        "width": "102.4px",
      }
    }
  >
    <div>
      0
    </div>
  </div>
  <div
    class="street"
    style={
      Object {
        "height": "76.8px",
        "left": "307.20000000000005px",
        "position": "absolute",
        "top": "153.6px",
        "width": "102.4px",
      }
    }
  >
    <div>
      0
    </div>
  </div>
  <div
    class="street"
    style={
      Object {
        "height": "76.8px",
        "left": "307.20000000000005px",
        "position": "absolute",
        "top": "230.39999999999998px",
        "width": "102.4px",
      }
    }
  >
    <div>
      0
    </div>
  </div>
  <div
    class="street"
    style={
      Object {
        "height": "76.8px",
        "left": "307.20000000000005px",
        "position": "absolute",
        "top": "384px",
        "width": "102.4px",
      }
    }
  >
    <div>
      0
    </div>
  </div>
  <div
    class="street"
    style={
      Object {
        "height": "76.8px",
        "left": "307.20000000000005px",
        "position": "absolute",
        "top": "460.79999999999995px",
        "width": "102.4px",
      }
    }
  >
    <div>
      0
    </div>
  </div>
  <div
    class="street isTarget"
    style={
      Object {
        "height": "76.8px",
        "left": "409.6px",
        "position": "absolute",
        "top": "460.79999999999995px",
        "width": "102.4px",
      }
    }
  >
    <div>
      0
    </div>
  </div>
  <undefined
    animation={
      Object {
        "height": "10px",
        "left": "102.4px",
        "opacity": 1,
        "position": "absolute",
        "top": "76.8px",
        "width": "10px",
      }
    }
    children={
      Array [
        <div
          class="ant"
          className="ant"
      />,
      ]
    }
    duration={1530}
  >
    <div
      class="ant"
      className="ant"
    />
  </undefined>
  <undefined
    animation={
      Object {
        "height": "10px",
        "left": "102.4px",
        "opacity": 1,
        "position": "absolute",
        "top": "76.8px",
        "width": "10px",
      }
    }
    children={
      Array [
        <div
          class="ant"
          className="ant"
      />,
      ]
    }
    duration={1530}
  >
    <div
      class="ant"
      className="ant"
    />
  </undefined>
  <undefined
    animation={
      Object {
        "height": "10px",
        "left": "102.4px",
        "opacity": 1,
        "position": "absolute",
        "top": "76.8px",
        "width": "10px",
      }
    }
    children={
      Array [
        <div
          class="ant"
          className="ant"
      />,
      ]
    }
    duration={1530}
  >
    <div
      class="ant"
      className="ant"
    />
  </undefined>
  <undefined
    animation={
      Object {
        "height": "10px",
        "left": "102.4px",
        "opacity": 1,
        "position": "absolute",
        "top": "76.8px",
        "width": "10px",
      }
    }
    children={
      Array [
        <div
          class="ant"
          className="ant"
      />,
      ]
    }
    duration={1530}
  >
    <div
      class="ant"
      className="ant"
    />
  </undefined>
  <undefined
    animation={
      Object {
        "height": "10px",
        "left": "102.4px",
        "opacity": 1,
        "position": "absolute",
        "top": "76.8px",
        "width": "10px",
      }
    }
    children={
      Array [
        <div
          class="ant"
          className="ant"
      />,
      ]
    }
    duration={1530}
  >
    <div
      class="ant"
      className="ant"
    />
  </undefined>
  <undefined
    animation={
      Object {
        "height": "10px",
        "left": "102.4px",
        "opacity": 1,
        "position": "absolute",
        "top": "0px",
        "width": "10px",
      }
    }
    children={
      Array [
        <div
          class="ant"
          className="ant"
      />,
      ]
    }
    duration={1530}
  >
    <div
      class="ant"
      className="ant"
    />
  </undefined>
  <undefined
    animation={
      Object {
        "height": "10px",
        "left": "102.4px",
        "opacity": 1,
        "position": "absolute",
        "top": "0px",
        "width": "10px",
      }
    }
    children={
      Array [
        <div
          class="ant"
          className="ant"
      />,
      ]
    }
    duration={1530}
  >
    <div
      class="ant"
      className="ant"
    />
  </undefined>
  <undefined
    animation={
      Object {
        "height": "10px",
        "left": "102.4px",
        "opacity": 1,
        "position": "absolute",
        "top": "0px",
        "width": "10px",
      }
    }
    children={
      Array [
        <div
          class="ant"
          className="ant"
      />,
      ]
    }
    duration={1530}
  >
    <div
      class="ant"
      className="ant"
    />
  </undefined>
  <undefined
    animation={
      Object {
        "height": "10px",
        "left": "102.4px",
        "opacity": 1,
        "position": "absolute",
        "top": "0px",
        "width": "10px",
      }
    }
    children={
      Array [
        <div
          class="ant"
          className="ant"
      />,
      ]
    }
    duration={1530}
  >
    <div
      class="ant"
      className="ant"
    />
  </undefined>
  <undefined
    animation={
      Object {
        "height": "10px",
        "left": "102.4px",
        "opacity": 1,
        "position": "absolute",
        "top": "0px",
        "width": "10px",
      }
    }
    children={
      Array [
        <div
          class="ant"
          className="ant"
      />,
      ]
    }
    duration={1530}
  >
    <div
      class="ant"
      className="ant"
    />
  </undefined>
</div>
`;

exports[`five unmoved ants 1`] = `
<div
  class="gameField"
>
  <div
    class="street isStart"
    style={
      Object {
        "height": "76.8px",
        "left": "0px",
        "position": "absolute",
        "top": "0px",
        "width": "102.4px",
      }
    }
  >
    <div>
      5
    </div>
  </div>
  <div
    class="street"
    style={
      Object {
        "height": "76.8px",
        "left": "102.4px",
        "position": "absolute",
        "top": "0px",
        "width": "102.4px",
      }
    }
  >
    <div>
      0
    </div>
  </div>
  <div
    class="street"
    style={
      Object {
        "height": "76.8px",
        "left": "102.4px",
        "position": "absolute",
        "top": "76.8px",
        "width": "102.4px",
      }
    }
  >
    <div>
      0
    </div>
  </div>
  <div
    class="street"
    style={
      Object {
        "height": "76.8px",
        "left": "102.4px",
        "position": "absolute",
        "top": "153.6px",
        "width": "102.4px",
      }
    }
  >
    <div>
      0
    </div>
  </div>
  <div
    class="street"
    style={
      Object {
        "height": "76.8px",
        "left": "102.4px",
        "position": "absolute",
        "top": "230.39999999999998px",
        "width": "102.4px",
      }
    }
  >
    <div>
      0
    </div>
  </div>
  <div
    class="street"
    style={
      Object {
        "height": "76.8px",
        "left": "102.4px",
        "position": "absolute",
        "top": "307.2px",
        "width": "102.4px",
      }
    }
  >
    <div>
      0
    </div>
  </div>
  <div
    class="street"
    style={
      Object {
        "height": "76.8px",
        "left": "204.8px",
        "position": "absolute",
        "top": "307.2px",
        "width": "102.4px",
      }
    }
  >
    <div>
      0
    </div>
  </div>
  <div
    class="street"
    style={
      Object {
        "height": "76.8px",
        "left": "307.20000000000005px",
        "position": "absolute",
        "top": "307.2px",
        "width": "102.4px",
      }
    }
  >
    <div>
      0
    </div>
  </div>
  <div
    class="street"
    style={
      Object {
        "height": "76.8px",
        "left": "204.8px",
        "position": "absolute",
        "top": "76.8px",
        "width": "102.4px",
      }
    }
  >
    <div>
      0
    </div>
  </div>
  <div
    class="street"
    style={
      Object {
        "height": "76.8px",
        "left": "307.20000000000005px",
        "position": "absolute",
        "top": "76.8px",
        "width": "102.4px",
      }
    }
  >
    <div>
      0
    </div>
  </div>
  <div
    class="street"
    style={
      Object {
        "height": "76.8px",
        "left": "307.20000000000005px",
        "position": "absolute",
        "top": "153.6px",
        "width": "102.4px",
      }
    }
  >
    <div>
      0
    </div>
  </div>
  <div
    class="street"
    style={
      Object {
        "height": "76.8px",
        "left": "307.20000000000005px",
        "position": "absolute",
        "top": "230.39999999999998px",
        "width": "102.4px",
      }
    }
  >
    <div>
      0
    </div>
  </div>
  <div
    class="street"
    style={
      Object {
        "height": "76.8px",
        "left": "307.20000000000005px",
        "position": "absolute",
        "top": "384px",
        "width": "102.4px",
      }
    }
  >
    <div>
      0
    </div>
  </div>
  <div
    class="street"
    style={
      Object {
        "height": "76.8px",
        "left": "307.20000000000005px",
        "position": "absolute",
        "top": "460.79999999999995px",
        "width": "102.4px",
      }
    }
  >
    <div>
      0
    </div>
  </div>
  <div
    class="street isTarget"
    style={
      Object {
        "height": "76.8px",
        "left": "409.6px",
        "position": "absolute",
        "top": "460.79999999999995px",
        "width": "102.4px",
      }
    }
  >
    <div>
      0
    </div>
  </div>
  <undefined
    animation={
      Object {
        "height": "10px",
        "left": "0px",
        "opacity": 0,
        "position": "absolute",
        "top": "0px",
        "width": "10px",
      }
    }
    children={
      Array [
        <div
          class="ant"
          className="ant"
      />,
      ]
    }
    duration={1530}
  >
    <div
      class="ant"
      className="ant"
    />
  </undefined>
  <undefined
    animation={
      Object {
        "height": "10px",
        "left": "0px",
        "opacity": 0,
        "position": "absolute",
        "top": "0px",
        "width": "10px",
      }
    }
    children={
      Array [
        <div
          class="ant"
          className="ant"
      />,
      ]
    }
    duration={1530}
  >
    <div
      class="ant"
      className="ant"
    />
  </undefined>
  <undefined
    animation={
      Object {
        "height": "10px",
        "left": "0px",
        "opacity": 0,
        "position": "absolute",
        "top": "0px",
        "width": "10px",
      }
    }
    children={
      Array [
        <div
          class="ant"
          className="ant"
      />,
      ]
    }
    duration={1530}
  >
    <div
      class="ant"
      className="ant"
    />
  </undefined>
  <undefined
    animation={
      Object {
        "height": "10px",
        "left": "0px",
        "opacity": 0,
        "position": "absolute",
        "top": "0px",
        "width": "10px",
      }
    }
    children={
      Array [
        <div
          class="ant"
          className="ant"
      />,
      ]
    }
    duration={1530}
  >
    <div
      class="ant"
      className="ant"
    />
  </undefined>
  <undefined
    animation={
      Object {
        "height": "10px",
        "left": "0px",
        "opacity": 0,
        "position": "absolute",
        "top": "0px",
        "width": "10px",
      }
    }
    children={
      Array [
        <div
          class="ant"
          className="ant"
      />,
      ]
    }
    duration={1530}
  >
    <div
      class="ant"
      className="ant"
    />
  </undefined>
</div>
`;

exports[`no ants yet 1`] = `
<div
  class="gameField"
>
  <div
    class="street isStart"
    style={
      Object {
        "height": "76.8px",
        "left": "0px",
        "position": "absolute",
        "top": "0px",
        "width": "102.4px",
      }
    }
  >
    <div>
      0
    </div>
  </div>
  <div
    class="street"
    style={
      Object {
        "height": "76.8px",
        "left": "102.4px",
        "position": "absolute",
        "top": "0px",
        "width": "102.4px",
      }
    }
  >
    <div>
      0
    </div>
  </div>
  <div
    class="street"
    style={
      Object {
        "height": "76.8px",
        "left": "102.4px",
        "position": "absolute",
        "top": "76.8px",
        "width": "102.4px",
      }
    }
  >
    <div>
      0
    </div>
  </div>
  <div
    class="street"
    style={
      Object {
        "height": "76.8px",
        "left": "102.4px",
        "position": "absolute",
        "top": "153.6px",
        "width": "102.4px",
      }
    }
  >
    <div>
      0
    </div>
  </div>
  <div
    class="street"
    style={
      Object {
        "height": "76.8px",
        "left": "102.4px",
        "position": "absolute",
        "top": "230.39999999999998px",
        "width": "102.4px",
      }
    }
  >
    <div>
      0
    </div>
  </div>
  <div
    class="street"
    style={
      Object {
        "height": "76.8px",
        "left": "102.4px",
        "position": "absolute",
        "top": "307.2px",
        "width": "102.4px",
      }
    }
  >
    <div>
      0
    </div>
  </div>
  <div
    class="street"
    style={
      Object {
        "height": "76.8px",
        "left": "204.8px",
        "position": "absolute",
        "top": "307.2px",
        "width": "102.4px",
      }
    }
  >
    <div>
      0
    </div>
  </div>
  <div
    class="street"
    style={
      Object {
        "height": "76.8px",
        "left": "307.20000000000005px",
        "position": "absolute",
        "top": "307.2px",
        "width": "102.4px",
      }
    }
  >
    <div>
      0
    </div>
  </div>
  <div
    class="street"
    style={
      Object {
        "height": "76.8px",
        "left": "204.8px",
        "position": "absolute",
        "top": "76.8px",
        "width": "102.4px",
      }
    }
  >
    <div>
      0
    </div>
  </div>
  <div
    class="street"
    style={
      Object {
        "height": "76.8px",
        "left": "307.20000000000005px",
        "position": "absolute",
        "top": "76.8px",
        "width": "102.4px",
      }
    }
  >
    <div>
      0
    </div>
  </div>
  <div
    class="street"
    style={
      Object {
        "height": "76.8px",
        "left": "307.20000000000005px",
        "position": "absolute",
        "top": "153.6px",
        "width": "102.4px",
      }
    }
  >
    <div>
      0
    </div>
  </div>
  <div
    class="street"
    style={
      Object {
        "height": "76.8px",
        "left": "307.20000000000005px",
        "position": "absolute",
        "top": "230.39999999999998px",
        "width": "102.4px",
      }
    }
  >
    <div>
      0
    </div>
  </div>
  <div
    class="street"
    style={
      Object {
        "height": "76.8px",
        "left": "307.20000000000005px",
        "position": "absolute",
        "top": "384px",
        "width": "102.4px",
      }
    }
  >
    <div>
      0
    </div>
  </div>
  <div
    class="street"
    style={
      Object {
        "height": "76.8px",
        "left": "307.20000000000005px",
        "position": "absolute",
        "top": "460.79999999999995px",
        "width": "102.4px",
      }
    }
  >
    <div>
      0
    </div>
  </div>
  <div
    class="street isTarget"
    style={
      Object {
        "height": "76.8px",
        "left": "409.6px",
        "position": "absolute",
        "top": "460.79999999999995px",
        "width": "102.4px",
      }
    }
  >
    <div>
      0
    </div>
  </div>
</div>
`;

exports[`no ants yet 2`] = `
<div
  class="gameField"
>
  <div
    class="street isStart"
    style={
      Object {
        "height": "76.8px",
        "left": "0px",
        "position": "absolute",
        "top": "0px",
        "width": "102.4px",
      }
    }
  >
    <div>
      0
    </div>
  </div>
  <div
    class="street"
    style={
      Object {
        "height": "76.8px",
        "left": "102.4px",
        "position": "absolute",
        "top": "0px",
        "width": "102.4px",
      }
    }
  >
    <div>
      0
    </div>
  </div>
  <div
    class="street"
    style={
      Object {
        "height": "76.8px",
        "left": "102.4px",
        "position": "absolute",
        "top": "76.8px",
        "width": "102.4px",
      }
    }
  >
    <div>
      0
    </div>
  </div>
  <div
    class="street"
    style={
      Object {
        "height": "76.8px",
        "left": "102.4px",
        "position": "absolute",
        "top": "153.6px",
        "width": "102.4px",
      }
    }
  >
    <div>
      0
    </div>
  </div>
  <div
    class="street"
    style={
      Object {
        "height": "76.8px",
        "left": "204.8px",
        "position": "absolute",
        "top": "153.6px",
        "width": "102.4px",
      }
    }
  >
    <div>
      0
    </div>
  </div>
  <div
    class="street"
    style={
      Object {
        "height": "76.8px",
        "left": "307.20000000000005px",
        "position": "absolute",
        "top": "153.6px",
        "width": "102.4px",
      }
    }
  >
    <div>
      0
    </div>
  </div>
  <div
    class="street"
    style={
      Object {
        "height": "76.8px",
        "left": "409.6px",
        "position": "absolute",
        "top": "153.6px",
        "width": "102.4px",
      }
    }
  >
    <div>
      0
    </div>
  </div>
  <div
    class="street"
    style={
      Object {
        "height": "76.8px",
        "left": "409.6px",
        "position": "absolute",
        "top": "230.39999999999998px",
        "width": "102.4px",
      }
    }
  >
    <div>
      0
    </div>
  </div>
  <div
    class="street"
    style={
      Object {
        "height": "76.8px",
        "left": "409.6px",
        "position": "absolute",
        "top": "307.2px",
        "width": "102.4px",
      }
    }
  >
    <div>
      0
    </div>
  </div>
  <div
    class="street"
    style={
      Object {
        "height": "76.8px",
        "left": "307.20000000000005px",
        "position": "absolute",
        "top": "307.2px",
        "width": "102.4px",
      }
    }
  >
    <div>
      0
    </div>
  </div>
  <div
    class="street"
    style={
      Object {
        "height": "76.8px",
        "left": "204.8px",
        "position": "absolute",
        "top": "307.2px",
        "width": "102.4px",
      }
    }
  >
    <div>
      0
    </div>
  </div>
  <div
    class="street isTarget"
    style={
      Object {
        "height": "76.8px",
        "left": "102.4px",
        "position": "absolute",
        "top": "307.2px",
        "width": "102.4px",
      }
    }
  >
    <div>
      0
    </div>
  </div>
  <div
    class="tower first"
    style={
      Object {
        "height": "76.8px",
        "left": "204.8px",
        "position": "absolute",
        "top": "76.8px",
        "width": "102.4px",
      }
    }
  >
    <div>
      first
    </div>
  </div>
  <div
    class="tower second"
    style={
      Object {
        "height": "76.8px",
        "left": "307.20000000000005px",
        "position": "absolute",
        "top": "230.39999999999998px",
        "width": "102.4px",
      }
    }
  >
    <div>
      second
    </div>
  </div>
  <div
    class="tower third"
    style={
      Object {
        "height": "76.8px",
        "left": "409.6px",
        "position": "absolute",
        "top": "384px",
        "width": "102.4px",
      }
    }
  >
    <div>
      third
    </div>
  </div>
</div>
`;
